// Jest Snapshot v1, https://goo.gl/fbAQLP

exports[`renders properly 1`] = `
<styled.div>
  <styled.div>
    <styled.div>
      T
    </styled.div>
    <styled.div>
      R
    </styled.div>
    <styled.div>
      B
    </styled.div>
    <styled.div>
      L
    </styled.div>
  </styled.div>
</styled.div>
`;
