// Jest Snapshot v1, https://goo.gl/fbAQLP

exports[`renders properly 1`] = `
<styled.div>
  <styled.div>
    <Styled(styled.div)>
      T
    </Styled(styled.div)>
    <Styled(styled.div)>
      R
    </Styled(styled.div)>
    <Styled(styled.div)>
      B
    </Styled(styled.div)>
    <Styled(styled.div)>
      L
    </Styled(styled.div)>
  </styled.div>
</styled.div>
`;
